// Jest Snapshot v1, https://goo.gl/fbAQLP

exports[`renders this UI as expected 1`] = `
<div
  className="Card"
>
  <button
    type="button"
  >
    delete
  </button>
  <h3 />
  <p />
</div>
`;
